<p>You successfully changed templates for your second <a href="http://markade.il.ly">Markade</a> page!</p>
<p>And check the <a href="index.html">first</a> page</p>
