<!DOCTYPE html>
<html>
  <head>
    <title>Second Markade Page</title>
    <link rel="stylesheet" href="css/style.css" type="text/css">
  </head>
  <body>
    <h1>what</h1>
    <h1>Index.jade</h1><p>You successfully changed templates for your second <a href="http://markade.il.ly">Markade</a> page!</p>
<p>And check the <a href="index.html">first</a> page</p>

  </body>
</html>